
┌─ New feature ────────────────────────────────────────────────────────────────────────────┐
│   WebAssembly compilation is new. Understand the details before deploying to production. │
│   See https://flutter.dev/to/wasm for more information.                                  │
└──────────────────────────────────────────────────────────────────────────────────────────┘
Compiling lib\main.dart for the Web...                          
flutter : Target dart2wasm failed: ProcessException: Process exited abnormally with exit code 254:
At line:1 char:1
+ flutter build web --wasm > build_output.txt 2>&1
+ ~~~~~~~~~~~~~~~~~~~~~~~~~~~~~~~~~~~~~~~~~~~~~~~~
    + CategoryInfo          : NotSpecified: (Target dart2was... exit code 254::String) [], RemoteException
    + FullyQualifiedErrorId : NativeCommandError
 
lib/features/settings/presentation/pages/global_settings_page.dart:241:31: Error: The getter 'contentColumn' isn't defi
ned for the type '_GlobalSettingsPageState'.
 - '_GlobalSettingsPageState' is from 'package:daytrack/features/settings/presentation/pages/global_settings_page.dart'
 ('lib/features/settings/presentation/pages/global_settings_page.dart').
Try correcting the name to the name of an existing getter, or defining a getter or field named 'contentColumn'.
        body: SafeArea(child: contentColumn),
                              ^^^^^^^^^^^^^
  Command: C:\Users\Halil\develop\flutter\bin\cache\dart-sdk\bin\dart.exe compile wasm --packages=C:\Users\Halil\Deskto
p\Code\7.Vibe Coding\WP_Sayim\.dart_tool\package_config.json --extra-compiler-option=--platform=C:\Users\Halil\develop\
flutter\bin\cache\flutter_web_sdk\kernel\dart2wasm_platform.dill -Ddart.vm.profile=false -Ddart.vm.product=true --extra
-compiler-option=--delete-tostring-package-uri=dart:ui --extra-compiler-option=--delete-tostring-package-uri=package:fl
utter --extra-compiler-option=--import-shared-memory --extra-compiler-option=--shared-memory-max-pages=32768 -DFLUTTER_
VERSION=3.44.6 -DFLUTTER_CHANNEL=stable -DFLUTTER_GIT_URL=https://github.com/flutter/flutter.git -DFLUTTER_FRAMEWORK_RE
VISION=ee80f08bbf -DFLUTTER_ENGINE_REVISION=83675ed276 -DFLUTTER_DART_VERSION=3.12.2 -DFLUTTER_WEB_USE_SKIA=false -DFLU
TTER_WEB_USE_SKWASM=true -DFLUTTER_WEB_CANVASKIT_URL=https://www.gstatic.com/flutter-canvaskit/83675ed27633283e7fc296c8
bca22e841224c096/ --extra-compiler-option=--depfile=C:\Users\Halil\Desktop\Code\7.Vibe Coding\WP_Sayim\.dart_tool\flutt
er_build\55808326a56df8aa360f7cdeceff4945\dart2wasm.d -O2 --strip-wasm --no-source-maps --minify -o C:\Users\Halil\Desk
top\Code\7.Vibe Coding\WP_Sayim\.dart_tool\flutter_build\55808326a56df8aa360f7cdeceff4945\main.dart.wasm C:\Users\Halil
\Desktop\Code\7.Vibe Coding\WP_Sayim\.dart_tool\flutter_build\55808326a56df8aa360f7cdeceff4945\main.dart
#0      RunResult.throwException (package:flutter_tools/src/base/process.dart:153:5)
#1      _DefaultProcessUtils.run (package:flutter_tools/src/base/process.dart:379:19)
<asynchronous suspension>
#2      Dart2WasmTarget.build (package:flutter_tools/src/build_system/targets/web.dart:361:33)
<asynchronous suspension>
#3      _BuildInstance._invokeInternal (package:flutter_tools/src/build_system/build_system.dart:937:9)
<asynchronous suspension>
#4      Future.wait.<anonymous closure> (dart:async/future.dart:546:21)
<asynchronous suspension>
#5      _BuildInstance.invokeTarget (package:flutter_tools/src/build_system/build_system.dart:875:32)
<asynchronous suspension>
#6      Future.wait.<anonymous closure> (dart:async/future.dart:546:21)
<asynchronous suspension>
#7      _BuildInstance.invokeTarget (package:flutter_tools/src/build_system/build_system.dart:875:32)
<asynchronous suspension>
#8      FlutterBuildSystem.build (package:flutter_tools/src/build_system/build_system.dart:684:16)
<asynchronous suspension>
#9      WebBuilder.buildWeb (package:flutter_tools/src/web/compile.dart:107:34)
<asynchronous suspension>
#10     BuildWebCommand.runCommand (package:flutter_tools/src/commands/build_web.dart:293:5)
<asynchronous suspension>
#11     FlutterCommand.run.<anonymous closure> (package:flutter_tools/src/runner/flutter_command.dart:1630:27)
<asynchronous suspension>
#12     AppContext.run.<anonymous closure> (package:flutter_tools/src/base/context.dart:154:19)
<asynchronous suspension>
#13     CommandRunner.runCommand (package:args/command_runner.dart:212:13)
<asynchronous suspension>
#14     FlutterCommandRunner.runCommand.<anonymous closure> (package:flutter_tools/src/runner/flutter_command_runner.da
rt:496:9)
<asynchronous suspension>
#15     AppContext.run.<anonymous closure> (package:flutter_tools/src/base/context.dart:154:19)
<asynchronous suspension>
#16     FlutterCommandRunner.runCommand (package:flutter_tools/src/runner/flutter_command_runner.dart:431:5)
<asynchronous suspension>
#17     FlutterCommandRunner.run.<anonymous closure> (package:flutter_tools/src/runner/flutter_command_runner.dart:307:
33)
<asynchronous suspension>
#18     run.<anonymous closure>.<anonymous closure> (package:flutter_tools/runner.dart:104:11)
<asynchronous suspension>
#19     AppContext.run.<anonymous closure> (package:flutter_tools/src/base/context.dart:154:19)
<asynchronous suspension>
#20     main (package:flutter_tools/executable.dart:103:3)
<asynchronous suspension>

Target dart2js failed: ProcessException: Process exited abnormally with exit code 1:
lib/features/settings/presentation/pages/global_settings_page.dart:241:31:
Error: The getter 'contentColumn' isn't defined for the type '_GlobalSettingsPageState'.
 - '_GlobalSettingsPageState' is from 'package:daytrack/features/settings/presentation/pages/global_settings_page.dart'
 ('lib/features/settings/presentation/pages/global_settings_page.dart').
        body: SafeArea(child: contentColumn),
                              ^^^^^^^^^^^^^
Error: Compilation failed.
  Command: C:\Users\Halil\develop\flutter\bin\cache\dart-sdk\bin\dart.exe compile js --platform-binaries=C:\Users\Halil
\develop\flutter\bin\cache\flutter_web_sdk\kernel --invoker=flutter_tool -Ddart.vm.product=true -DFLUTTER_VERSION=3.44.
6 -DFLUTTER_CHANNEL=stable -DFLUTTER_GIT_URL=https://github.com/flutter/flutter.git -DFLUTTER_FRAMEWORK_REVISION=ee80f0
8bbf -DFLUTTER_ENGINE_REVISION=83675ed276 -DFLUTTER_DART_VERSION=3.12.2 -DFLUTTER_WEB_USE_SKIA=true -DFLUTTER_WEB_USE_S
KWASM=false -DFLUTTER_WEB_CANVASKIT_URL=https://www.gstatic.com/flutter-canvaskit/83675ed27633283e7fc296c8bca22e841224c
096/ --native-null-assertions --no-source-maps -O4 --minify -o C:\Users\Halil\Desktop\Code\7.Vibe Coding\WP_Sayim\.dart
_tool\flutter_build\55808326a56df8aa360f7cdeceff4945\app.dill --packages=C:\Users\Halil\Desktop\Code\7.Vibe Coding\WP_S
ayim\.dart_tool\package_config.json --cfe-only C:\Users\Halil\Desktop\Code\7.Vibe Coding\WP_Sayim\.dart_tool\flutter_bu
ild\55808326a56df8aa360f7cdeceff4945\main.dart
#0      RunResult.throwException (package:flutter_tools/src/base/process.dart:153:5)
#1      _DefaultProcessUtils.run (package:flutter_tools/src/base/process.dart:379:19)
<asynchronous suspension>
#2      Dart2JSTarget.build (package:flutter_tools/src/build_system/targets/web.dart:208:5)
<asynchronous suspension>
#3      _BuildInstance._invokeInternal (package:flutter_tools/src/build_system/build_system.dart:937:9)
<asynchronous suspension>
#4      Future.wait.<anonymous closure> (dart:async/future.dart:546:21)
<asynchronous suspension>
#5      _BuildInstance.invokeTarget (package:flutter_tools/src/build_system/build_system.dart:875:32)
<asynchronous suspension>
#6      Future.wait.<anonymous closure> (dart:async/future.dart:546:21)
<asynchronous suspension>
#7      _BuildInstance.invokeTarget (package:flutter_tools/src/build_system/build_system.dart:875:32)
<asynchronous suspension>
#8      FlutterBuildSystem.build (package:flutter_tools/src/build_system/build_system.dart:684:16)
<asynchronous suspension>
#9      WebBuilder.buildWeb (package:flutter_tools/src/web/compile.dart:107:34)
<asynchronous suspension>
#10     BuildWebCommand.runCommand (package:flutter_tools/src/commands/build_web.dart:293:5)
<asynchronous suspension>
#11     FlutterCommand.run.<anonymous closure> (package:flutter_tools/src/runner/flutter_command.dart:1630:27)
<asynchronous suspension>
#12     AppContext.run.<anonymous closure> (package:flutter_tools/src/base/context.dart:154:19)
<asynchronous suspension>
#13     CommandRunner.runCommand (package:args/command_runner.dart:212:13)
<asynchronous suspension>
#14     FlutterCommandRunner.runCommand.<anonymous closure> (package:flutter_tools/src/runner/flutter_command_runner.da
rt:496:9)
<asynchronous suspension>
#15     AppContext.run.<anonymous closure> (package:flutter_tools/src/base/context.dart:154:19)
<asynchronous suspension>
#16     FlutterCommandRunner.runCommand (package:flutter_tools/src/runner/flutter_command_runner.dart:431:5)
<asynchronous suspension>
#17     FlutterCommandRunner.run.<anonymous closure> (package:flutter_tools/src/runner/flutter_command_runner.dart:307:
33)
<asynchronous suspension>
#18     run.<anonymous closure>.<anonymous closure> (package:flutter_tools/runner.dart:104:11)
<asynchronous suspension>
#19     AppContext.run.<anonymous closure> (package:flutter_tools/src/base/context.dart:154:19)
<asynchronous suspension>
#20     main (package:flutter_tools/executable.dart:103:3)
<asynchronous suspension>

Compiling lib\main.dart for the Web...                             10,2s
Error: Failed to compile application for the Web.
